=== RUN START (0.05-fit-double-logistic-to-time-series) ===
Nearest pixel index: row=600, col=3920
Saved preprocessing figure to /work/pschluet/green_wave/figure/0.05-fit-double-logistic-to-time-series/preprocessing/ndvi-preprocessing-60p0N-16p0E.png
Nearest pixel index: row=600, col=3920
Saved single-year fit to /work/pschluet/green_wave/figure/0.05-fit-double-logistic-to-time-series/fit-single-year/double-logistic-60p0N-16p0E-2005.png
Nearest pixel index: row=600, col=3920
Saved multi-year fit to /work/pschluet/green_wave/figure/0.05-fit-double-logistic-to-time-series/fit-multi-year/double-logistic-60p0N-16p0E-2000-2024.png
Nearest pixel index: row=800, col=3920
Saved multi-year fit to /work/pschluet/green_wave/figure/0.05-fit-double-logistic-to-time-series/fit-multi-year/double-logistic-50p0N-16p0E-2000-2024.png
Nearest pixel index: row=1000, col=3920
Saved multi-year fit to /work/pschluet/green_wave/figure/0.05-fit-double-logistic-to-time-series/fit-multi-year/double-logistic-40p0N-16p0E-2000-2024.png
Nearest pixel index: row=1200, col=3920
Saved multi-year fit to /work/pschluet/green_wave/figure/0.05-fit-double-logistic-to-time-series/fit-multi-year/double-logistic-30p0N-16p0E-2000-2024.png
Nearest pixel index: row=1400, col=3920
Saved multi-year fit to /work/pschluet/green_wave/figure/0.05-fit-double-logistic-to-time-series/fit-multi-year/double-logistic-20p0N-16p0E-2000-2024.png
Nearest pixel index: row=600, col=3920
Saved transformed fit to /work/pschluet/green_wave/figure/0.05-fit-double-logistic-to-time-series/fit-transformed/double-logistic-transformed-60p0N-16p0E-2000-2024.png
Nearest pixel index: row=800, col=3920
Saved transformed fit to /work/pschluet/green_wave/figure/0.05-fit-double-logistic-to-time-series/fit-transformed/double-logistic-transformed-50p0N-16p0E-2000-2024.png
Nearest pixel index: row=1000, col=3920
Saved transformed fit to /work/pschluet/green_wave/figure/0.05-fit-double-logistic-to-time-series/fit-transformed/double-logistic-transformed-40p0N-16p0E-2000-2024.png
Nearest pixel index: row=1200, col=3920
/work/pschluet/green_wave/src/0.05-fit-double-logistic-to-time-series.py:90: RuntimeWarning: overflow encountered in exp
  spring = 1 / (1 + np.exp((xmidSNDVI - t) / scalSNDVI))
Saved transformed fit to /work/pschluet/green_wave/figure/0.05-fit-double-logistic-to-time-series/fit-transformed/double-logistic-transformed-30p0N-16p0E-2000-2024.png
=== RUN FINISH (0.05-fit-double-logistic-to-time-series) ===
