=== RUN START (0.13-merge-bioclim-with-harmonic-semiannual-trend) ===
Found 19 bioclim layers to resample.
  harmonic_parameters: shape=(3600, 7200, 6), dtype=float32, valid=37,888,512/155,520,000
    min=-30809284.000, median=2.279, max=38202772.000
  harmonic_r_squared: shape=(3600, 7200), dtype=float32, valid=6,314,752/25,920,000
    min=0.000, median=0.759, max=0.999
  harmonic_adjusted_r_squared: shape=(3600, 7200), dtype=float32, valid=6,314,752/25,920,000
    min=-1.000, median=0.756, max=0.998
  harmonic_aic: shape=(3600, 7200), dtype=float32, valid=6,314,752/25,920,000
    min=87.198, median=6807.628, max=8945.256
  harmonic_amplitude_annual: shape=(3600, 7200), dtype=float32, valid=6,314,752/25,920,000
    min=0.025, median=1430.862, max=41372744.000
  harmonic_amplitude_semiannual: shape=(3600, 7200), dtype=float32, valid=6,314,752/25,920,000
    min=0.021, median=389.577, max=10565809.000
  harmonic_phase_annual_days: shape=(3600, 7200), dtype=float32, valid=6,314,752/25,920,000
    min=0.000, median=152.540, max=365.242
  harmonic_phase_semiannual_days: shape=(3600, 7200), dtype=float32, valid=6,314,752/25,920,000
    min=0.000, median=100.634, max=182.621
  harmonic_num_observations: shape=(3600, 7200), dtype=uint16, valid=25,920,000/25,920,000
    min=0.000, median=0.000, max=574.000
Loaded harmonic datasets: harmonic_parameters, harmonic_r_squared, harmonic_adjusted_r_squared, harmonic_aic, harmonic_amplitude_annual, harmonic_amplitude_semiannual, harmonic_phase_annual_days, harmonic_phase_semiannual_days, harmonic_num_observations
Resampling wc2.1_5m_bio_1.tif (BIO01_annual_mean_temperature) …
  → valid pixels: 8,805,992; min=-54.738, median=-0.698, max=31.019
Resampling wc2.1_5m_bio_2.tif (BIO02_mean_diurnal_range) …
  → valid pixels: 8,805,992; min=1.000, median=9.415, max=21.499
Resampling wc2.1_5m_bio_3.tif (BIO03_isothermality) …
  → valid pixels: 8,805,992; min=9.084, median=26.540, max=100.000
Resampling wc2.1_5m_bio_4.tif (BIO04_temperature_seasonality) …
  → valid pixels: 8,805,992; min=0.000, median=902.163, max=2369.226
Resampling wc2.1_5m_bio_5.tif (BIO05_max_temperature_of_warmest_month) …
  → valid pixels: 8,805,992; min=-29.700, median=21.567, max=48.189
Resampling wc2.1_5m_bio_6.tif (BIO06_min_temperature_of_coldest_month) …
  → valid pixels: 8,805,992; min=-72.501, median=-21.896, max=26.300
Resampling wc2.1_5m_bio_7.tif (BIO07_temperature_annual_range) …
  → valid pixels: 8,805,992; min=1.000, median=33.525, max=72.426
Resampling wc2.1_5m_bio_8.tif (BIO08_mean_temperature_of_wettest_quarter) …
  → valid pixels: 8,805,992; min=-66.308, median=10.758, max=37.752
Resampling wc2.1_5m_bio_9.tif (BIO09_mean_temperature_of_driest_quarter) …
  → valid pixels: 8,805,992; min=-54.737, median=-9.554, max=37.525
Resampling wc2.1_5m_bio_10.tif (BIO10_mean_temperature_of_warmest_quarter) …
  → valid pixels: 8,805,992; min=-37.788, median=13.836, max=38.333
Resampling wc2.1_5m_bio_11.tif (BIO11_mean_temperature_of_coldest_quarter) …
  → valid pixels: 8,805,992; min=-66.347, median=-15.488, max=29.162
Resampling wc2.1_5m_bio_12.tif (BIO12_annual_precipitation) …
  → valid pixels: 8,805,992; min=0.000, median=335.000, max=11191.000
Resampling wc2.1_5m_bio_13.tif (BIO13_precipitation_of_wettest_month) …
  → valid pixels: 8,805,992; min=0.000, median=59.143, max=2529.029
Resampling wc2.1_5m_bio_14.tif (BIO14_precipitation_of_driest_month) …
  → valid pixels: 8,805,992; min=0.000, median=4.829, max=494.000
Resampling wc2.1_5m_bio_15.tif (BIO15_precipitation_seasonality) …
  → valid pixels: 8,805,992; min=0.000, median=65.262, max=229.377
Resampling wc2.1_5m_bio_16.tif (BIO16_precipitation_of_wettest_quarter) …
  → valid pixels: 8,805,992; min=0.000, median=150.760, max=5548.875
Resampling wc2.1_5m_bio_17.tif (BIO17_precipitation_of_driest_quarter) …
  → valid pixels: 8,805,992; min=0.000, median=22.029, max=1543.000
Resampling wc2.1_5m_bio_18.tif (BIO18_precipitation_of_warmest_quarter) …
  → valid pixels: 8,805,992; min=0.000, median=105.760, max=5282.000
Resampling wc2.1_5m_bio_19.tif (BIO19_precipitation_of_coldest_quarter) …
  → valid pixels: 8,805,992; min=0.000, median=46.800, max=4714.125
Resampled 19 bioclim layers to shape (3600, 7200).
Saved combined harmonic dataset to /work/pschluet/green_wave/data/intermediate/ndvi_harmonic_semiannual_trend_bioclim_combined.npz.
=== RUN FINISH (0.13-merge-bioclim-with-harmonic-semiannual-trend) ===
