=== RUN START (0.131-fit-detrended-harmonic-models) ===
Loading NDVI stack from /work/pschluet/green_wave/data/intermediate/ndvi_stack_optimized.h5 …
Loaded trend slopes with shape (3600, 7200) (finite entries: 6,314,752/25,920,000).
Fitting detrended harmonic model on grid of shape (3600, 7200) (time steps: 574).
Processed rows 0-15 / 3599 (block size: 16).
Processed rows 16-31 / 3599 (block size: 16).
Processed rows 32-47 / 3599 (block size: 16).
Processed rows 48-63 / 3599 (block size: 16).
Processed rows 64-79 / 3599 (block size: 16).
Processed rows 80-95 / 3599 (block size: 16).
Processed rows 96-111 / 3599 (block size: 16).
Processed rows 112-127 / 3599 (block size: 16).
Processed rows 128-143 / 3599 (block size: 16).
Processed rows 144-159 / 3599 (block size: 16).
Processed rows 160-175 / 3599 (block size: 16).
Processed rows 176-191 / 3599 (block size: 16).
Processed rows 192-207 / 3599 (block size: 16).
Processed rows 208-223 / 3599 (block size: 16).
Processed rows 224-239 / 3599 (block size: 16).
Processed rows 240-255 / 3599 (block size: 16).
Processed rows 256-271 / 3599 (block size: 16).
Processed rows 272-287 / 3599 (block size: 16).
Processed rows 288-303 / 3599 (block size: 16).
Processed rows 304-319 / 3599 (block size: 16).
Processed rows 320-335 / 3599 (block size: 16).
Processed rows 336-351 / 3599 (block size: 16).
Processed rows 352-367 / 3599 (block size: 16).
Processed rows 368-383 / 3599 (block size: 16).
Processed rows 384-399 / 3599 (block size: 16).
Processed rows 400-415 / 3599 (block size: 16).
Processed rows 416-431 / 3599 (block size: 16).
Processed rows 432-447 / 3599 (block size: 16).
Processed rows 448-463 / 3599 (block size: 16).
Processed rows 464-479 / 3599 (block size: 16).
Processed rows 480-495 / 3599 (block size: 16).
Processed rows 496-511 / 3599 (block size: 16).
Processed rows 512-527 / 3599 (block size: 16).
Processed rows 528-543 / 3599 (block size: 16).
Processed rows 544-559 / 3599 (block size: 16).
Processed rows 560-575 / 3599 (block size: 16).
Processed rows 576-591 / 3599 (block size: 16).
Processed rows 592-607 / 3599 (block size: 16).
Processed rows 608-623 / 3599 (block size: 16).
Processed rows 624-639 / 3599 (block size: 16).
Processed rows 640-655 / 3599 (block size: 16).
Processed rows 656-671 / 3599 (block size: 16).
Processed rows 672-687 / 3599 (block size: 16).
Processed rows 688-703 / 3599 (block size: 16).
Processed rows 704-719 / 3599 (block size: 16).
Processed rows 720-735 / 3599 (block size: 16).
Processed rows 736-751 / 3599 (block size: 16).
Processed rows 752-767 / 3599 (block size: 16).
Processed rows 768-783 / 3599 (block size: 16).
Processed rows 784-799 / 3599 (block size: 16).
Processed rows 800-815 / 3599 (block size: 16).
Processed rows 816-831 / 3599 (block size: 16).
Processed rows 832-847 / 3599 (block size: 16).
Processed rows 848-863 / 3599 (block size: 16).
Processed rows 864-879 / 3599 (block size: 16).
Processed rows 880-895 / 3599 (block size: 16).
Processed rows 896-911 / 3599 (block size: 16).
Processed rows 912-927 / 3599 (block size: 16).
Processed rows 928-943 / 3599 (block size: 16).
Processed rows 944-959 / 3599 (block size: 16).
Processed rows 960-975 / 3599 (block size: 16).
Processed rows 976-991 / 3599 (block size: 16).
Processed rows 992-1007 / 3599 (block size: 16).
Processed rows 1008-1023 / 3599 (block size: 16).
Processed rows 1024-1039 / 3599 (block size: 16).
Processed rows 1040-1055 / 3599 (block size: 16).
Processed rows 1056-1071 / 3599 (block size: 16).
Processed rows 1072-1087 / 3599 (block size: 16).
Processed rows 1088-1103 / 3599 (block size: 16).
Processed rows 1104-1119 / 3599 (block size: 16).
Processed rows 1120-1135 / 3599 (block size: 16).
Processed rows 1136-1151 / 3599 (block size: 16).
Processed rows 1152-1167 / 3599 (block size: 16).
Processed rows 1168-1183 / 3599 (block size: 16).
Processed rows 1184-1199 / 3599 (block size: 16).
Processed rows 1200-1215 / 3599 (block size: 16).
Processed rows 1216-1231 / 3599 (block size: 16).
Processed rows 1232-1247 / 3599 (block size: 16).
Processed rows 1248-1263 / 3599 (block size: 16).
Processed rows 1264-1279 / 3599 (block size: 16).
Processed rows 1280-1295 / 3599 (block size: 16).
Processed rows 1296-1311 / 3599 (block size: 16).
Processed rows 1312-1327 / 3599 (block size: 16).
Processed rows 1328-1343 / 3599 (block size: 16).
Processed rows 1344-1359 / 3599 (block size: 16).
Processed rows 1360-1375 / 3599 (block size: 16).
Processed rows 1376-1391 / 3599 (block size: 16).
Processed rows 1392-1407 / 3599 (block size: 16).
Processed rows 1408-1423 / 3599 (block size: 16).
Processed rows 1424-1439 / 3599 (block size: 16).
Processed rows 1440-1455 / 3599 (block size: 16).
Processed rows 1456-1471 / 3599 (block size: 16).
Processed rows 1472-1487 / 3599 (block size: 16).
Processed rows 1488-1503 / 3599 (block size: 16).
Processed rows 1504-1519 / 3599 (block size: 16).
Processed rows 1520-1535 / 3599 (block size: 16).
Processed rows 1536-1551 / 3599 (block size: 16).
Processed rows 1552-1567 / 3599 (block size: 16).
Processed rows 1568-1583 / 3599 (block size: 16).
Processed rows 1584-1599 / 3599 (block size: 16).
Processed rows 1600-1615 / 3599 (block size: 16).
Processed rows 1616-1631 / 3599 (block size: 16).
Processed rows 1632-1647 / 3599 (block size: 16).
Processed rows 1648-1663 / 3599 (block size: 16).
Processed rows 1664-1679 / 3599 (block size: 16).
Processed rows 1680-1695 / 3599 (block size: 16).
Processed rows 1696-1711 / 3599 (block size: 16).
Processed rows 1712-1727 / 3599 (block size: 16).
Processed rows 1728-1743 / 3599 (block size: 16).
Processed rows 1744-1759 / 3599 (block size: 16).
Processed rows 1760-1775 / 3599 (block size: 16).
Processed rows 1776-1791 / 3599 (block size: 16).
Processed rows 1792-1807 / 3599 (block size: 16).
Processed rows 1808-1823 / 3599 (block size: 16).
Processed rows 1824-1839 / 3599 (block size: 16).
Processed rows 1840-1855 / 3599 (block size: 16).
Processed rows 1856-1871 / 3599 (block size: 16).
Processed rows 1872-1887 / 3599 (block size: 16).
Processed rows 1888-1903 / 3599 (block size: 16).
Processed rows 1904-1919 / 3599 (block size: 16).
Processed rows 1920-1935 / 3599 (block size: 16).
Processed rows 1936-1951 / 3599 (block size: 16).
Processed rows 1952-1967 / 3599 (block size: 16).
Processed rows 1968-1983 / 3599 (block size: 16).
Processed rows 1984-1999 / 3599 (block size: 16).
Processed rows 2000-2015 / 3599 (block size: 16).
Processed rows 2016-2031 / 3599 (block size: 16).
Processed rows 2032-2047 / 3599 (block size: 16).
Processed rows 2048-2063 / 3599 (block size: 16).
Processed rows 2064-2079 / 3599 (block size: 16).
Processed rows 2080-2095 / 3599 (block size: 16).
Processed rows 2096-2111 / 3599 (block size: 16).
Processed rows 2112-2127 / 3599 (block size: 16).
Processed rows 2128-2143 / 3599 (block size: 16).
Processed rows 2144-2159 / 3599 (block size: 16).
Processed rows 2160-2175 / 3599 (block size: 16).
Processed rows 2176-2191 / 3599 (block size: 16).
Processed rows 2192-2207 / 3599 (block size: 16).
Processed rows 2208-2223 / 3599 (block size: 16).
Processed rows 2224-2239 / 3599 (block size: 16).
Processed rows 2240-2255 / 3599 (block size: 16).
Processed rows 2256-2271 / 3599 (block size: 16).
Processed rows 2272-2287 / 3599 (block size: 16).
Processed rows 2288-2303 / 3599 (block size: 16).
Processed rows 2304-2319 / 3599 (block size: 16).
Processed rows 2320-2335 / 3599 (block size: 16).
Processed rows 2336-2351 / 3599 (block size: 16).
Processed rows 2352-2367 / 3599 (block size: 16).
Processed rows 2368-2383 / 3599 (block size: 16).
Processed rows 2384-2399 / 3599 (block size: 16).
Processed rows 2400-2415 / 3599 (block size: 16).
Processed rows 2416-2431 / 3599 (block size: 16).
Processed rows 2432-2447 / 3599 (block size: 16).
Processed rows 2448-2463 / 3599 (block size: 16).
Processed rows 2464-2479 / 3599 (block size: 16).
Processed rows 2480-2495 / 3599 (block size: 16).
Processed rows 2496-2511 / 3599 (block size: 16).
Processed rows 2512-2527 / 3599 (block size: 16).
Processed rows 2528-2543 / 3599 (block size: 16).
Processed rows 2544-2559 / 3599 (block size: 16).
Processed rows 2560-2575 / 3599 (block size: 16).
Processed rows 2576-2591 / 3599 (block size: 16).
Processed rows 2592-2607 / 3599 (block size: 16).
Processed rows 2608-2623 / 3599 (block size: 16).
Processed rows 2624-2639 / 3599 (block size: 16).
Processed rows 2640-2655 / 3599 (block size: 16).
Processed rows 2656-2671 / 3599 (block size: 16).
Processed rows 2672-2687 / 3599 (block size: 16).
Processed rows 2688-2703 / 3599 (block size: 16).
Processed rows 2704-2719 / 3599 (block size: 16).
Processed rows 2720-2735 / 3599 (block size: 16).
Processed rows 2736-2751 / 3599 (block size: 16).
Processed rows 2752-2767 / 3599 (block size: 16).
Processed rows 2768-2783 / 3599 (block size: 16).
Processed rows 2784-2799 / 3599 (block size: 16).
Processed rows 2800-2815 / 3599 (block size: 16).
Processed rows 2816-2831 / 3599 (block size: 16).
Processed rows 2832-2847 / 3599 (block size: 16).
Processed rows 2848-2863 / 3599 (block size: 16).
Processed rows 2864-2879 / 3599 (block size: 16).
Processed rows 2880-2895 / 3599 (block size: 16).
Processed rows 2896-2911 / 3599 (block size: 16).
Processed rows 2912-2927 / 3599 (block size: 16).
Processed rows 2928-2943 / 3599 (block size: 16).
Processed rows 2944-2959 / 3599 (block size: 16).
Processed rows 2960-2975 / 3599 (block size: 16).
Processed rows 2976-2991 / 3599 (block size: 16).
Processed rows 2992-3007 / 3599 (block size: 16).
Processed rows 3008-3023 / 3599 (block size: 16).
Processed rows 3024-3039 / 3599 (block size: 16).
Processed rows 3040-3055 / 3599 (block size: 16).
Processed rows 3056-3071 / 3599 (block size: 16).
Processed rows 3072-3087 / 3599 (block size: 16).
Processed rows 3088-3103 / 3599 (block size: 16).
Processed rows 3104-3119 / 3599 (block size: 16).
Processed rows 3120-3135 / 3599 (block size: 16).
Processed rows 3136-3151 / 3599 (block size: 16).
Processed rows 3152-3167 / 3599 (block size: 16).
Processed rows 3168-3183 / 3599 (block size: 16).
Processed rows 3184-3199 / 3599 (block size: 16).
Processed rows 3200-3215 / 3599 (block size: 16).
Processed rows 3216-3231 / 3599 (block size: 16).
Processed rows 3232-3247 / 3599 (block size: 16).
Processed rows 3248-3263 / 3599 (block size: 16).
Processed rows 3264-3279 / 3599 (block size: 16).
Processed rows 3280-3295 / 3599 (block size: 16).
Processed rows 3296-3311 / 3599 (block size: 16).
Processed rows 3312-3327 / 3599 (block size: 16).
Processed rows 3328-3343 / 3599 (block size: 16).
Processed rows 3344-3359 / 3599 (block size: 16).
Processed rows 3360-3375 / 3599 (block size: 16).
Processed rows 3376-3391 / 3599 (block size: 16).
Processed rows 3392-3407 / 3599 (block size: 16).
Processed rows 3408-3423 / 3599 (block size: 16).
Processed rows 3424-3439 / 3599 (block size: 16).
Processed rows 3440-3455 / 3599 (block size: 16).
Processed rows 3456-3471 / 3599 (block size: 16).
Processed rows 3472-3487 / 3599 (block size: 16).
Processed rows 3488-3503 / 3599 (block size: 16).
Processed rows 3504-3519 / 3599 (block size: 16).
Processed rows 3520-3535 / 3599 (block size: 16).
Processed rows 3536-3551 / 3599 (block size: 16).
Processed rows 3552-3567 / 3599 (block size: 16).
Processed rows 3568-3583 / 3599 (block size: 16).
Processed rows 3584-3599 / 3599 (block size: 16).
Saved detrended harmonic fits to /work/pschluet/green_wave/data/intermediate/detrended_ndvi_harmonic_fit_semiannual.h5.
=== RUN FINISH (0.131-fit-detrended-harmonic-models) ===
