=== RUN START (3.01-explore-worldclim) ===
Discovered 19 raster files in /work/pschluet/green_wave/data/raw/worldclim

File: wc2.1_5m_bio_1.tif
  Variable: BIO01 — Annual Mean Temperature
  Driver: GTiff
  Dimensions (width x height): 4320 x 2160 pixels
  Resolution: 0.083333° lon x 0.083333° lat
  Geographic coverage: left=-180.00°, right=180.00°, bottom=-90.00°, top=90.00°
  Approximate area: 64800.00 square degrees
  Coordinate reference system: EPSG:4326
  Band count: 1
    - Band 1: dtype=float32, nodata=-3.3999999521443642e+38, min=-54.74, mean=-4.23, max=31.05
      Valid pixels: 3170214 | Nodata pixels: 6160986
      Scaling note: Temperature values fall within expected °C range.
      2–98% percentile clip: -51.64 – 27.90 °C
      Values (°C): min=-54.74 mean=-4.23 max=31.05
      Saved preview to /work/pschluet/green_wave/figure/3.01-explore-worldclim/BIO01-preview.png
      Saved histogram to /work/pschluet/green_wave/figure/3.01-explore-worldclim/BIO01-histogram.png

File: wc2.1_5m_bio_10.tif
  Variable: BIO10 — Mean Temperature of Warmest Quarter
  Driver: GTiff
  Dimensions (width x height): 4320 x 2160 pixels
  Resolution: 0.083333° lon x 0.083333° lat
  Geographic coverage: left=-180.00°, right=180.00°, bottom=-90.00°, top=90.00°
  Approximate area: 64800.00 square degrees
  Coordinate reference system: EPSG:4326
  Band count: 1
    - Band 1: dtype=float32, nodata=-3.3999999521443642e+38, min=-37.79, mean=7.08, max=38.41
      Valid pixels: 3170214 | Nodata pixels: 6160986
      Scaling note: Temperature values fall within expected °C range.
      2–98% percentile clip: -33.97 – 33.78 °C
      Values (°C): min=-37.79 mean=7.08 max=38.41
      Saved preview to /work/pschluet/green_wave/figure/3.01-explore-worldclim/BIO10-preview.png
      Saved histogram to /work/pschluet/green_wave/figure/3.01-explore-worldclim/BIO10-histogram.png

File: wc2.1_5m_bio_11.tif
  Variable: BIO11 — Mean Temperature of Coldest Quarter
  Driver: GTiff
  Dimensions (width x height): 4320 x 2160 pixels
  Resolution: 0.083333° lon x 0.083333° lat
  Geographic coverage: left=-180.00°, right=180.00°, bottom=-90.00°, top=90.00°
  Approximate area: 64800.00 square degrees
  Coordinate reference system: EPSG:4326
  Band count: 1
    - Band 1: dtype=float32, nodata=-3.3999999521443642e+38, min=-66.35, mean=-14.15, max=29.16
      Valid pixels: 3170214 | Nodata pixels: 6160986
      Scaling note: Temperature values fall within expected °C range.
      2–98% percentile clip: -61.94 – 25.93 °C
      Values (°C): min=-66.35 mean=-14.15 max=29.16
      Saved preview to /work/pschluet/green_wave/figure/3.01-explore-worldclim/BIO11-preview.png
      Saved histogram to /work/pschluet/green_wave/figure/3.01-explore-worldclim/BIO11-histogram.png

File: wc2.1_5m_bio_12.tif
  Variable: BIO12 — Annual Precipitation
  Driver: GTiff
  Dimensions (width x height): 4320 x 2160 pixels
  Resolution: 0.083333° lon x 0.083333° lat
  Geographic coverage: left=-180.00°, right=180.00°, bottom=-90.00°, top=90.00°
  Approximate area: 64800.00 square degrees
  Coordinate reference system: EPSG:4326
  Band count: 1
    - Band 1: dtype=float32, nodata=-3.3999999521443642e+38, min=0.00, mean=541.80, max=11191.00
      Valid pixels: 3170214 | Nodata pixels: 6160986
      Scaling note: Temperature values fall within expected °C range.
      2–98% percentile clip: 4.00 – 2588.00 mm
      Values (mm): min=0.00 mean=541.80 max=11191.00
      Saved preview to /work/pschluet/green_wave/figure/3.01-explore-worldclim/BIO12-preview.png
      Saved histogram to /work/pschluet/green_wave/figure/3.01-explore-worldclim/BIO12-histogram.png

File: wc2.1_5m_bio_13.tif
  Variable: BIO13 — Precipitation of Wettest Month
  Driver: GTiff
  Dimensions (width x height): 4320 x 2160 pixels
  Resolution: 0.083333° lon x 0.083333° lat
  Geographic coverage: left=-180.00°, right=180.00°, bottom=-90.00°, top=90.00°
  Approximate area: 64800.00 square degrees
  Coordinate reference system: EPSG:4326
  Band count: 1
    - Band 1: dtype=float32, nodata=-3.3999999521443642e+38, min=0.00, mean=92.48, max=2578.00
      Valid pixels: 3170214 | Nodata pixels: 6160986
      Scaling note: Temperature values fall within expected °C range.
      2–98% percentile clip: 2.00 – 381.00 mm
      Values (mm): min=0.00 mean=92.48 max=2578.00
      Saved preview to /work/pschluet/green_wave/figure/3.01-explore-worldclim/BIO13-preview.png
      Saved histogram to /work/pschluet/green_wave/figure/3.01-explore-worldclim/BIO13-histogram.png

File: wc2.1_5m_bio_14.tif
  Variable: BIO14 — Precipitation of Driest Month
  Driver: GTiff
  Dimensions (width x height): 4320 x 2160 pixels
  Resolution: 0.083333° lon x 0.083333° lat
  Geographic coverage: left=-180.00°, right=180.00°, bottom=-90.00°, top=90.00°
  Approximate area: 64800.00 square degrees
  Coordinate reference system: EPSG:4326
  Band count: 1
    - Band 1: dtype=float32, nodata=-3.3999999521443642e+38, min=0.00, mean=14.95, max=501.00
      Valid pixels: 3170214 | Nodata pixels: 6160986
      Scaling note: Temperature values fall within expected °C range.
      2–98% percentile clip: 0.00 – 103.00 mm
      Values (mm): min=0.00 mean=14.95 max=501.00
      Saved preview to /work/pschluet/green_wave/figure/3.01-explore-worldclim/BIO14-preview.png
      Saved histogram to /work/pschluet/green_wave/figure/3.01-explore-worldclim/BIO14-histogram.png

File: wc2.1_5m_bio_15.tif
  Variable: BIO15 — Precipitation Seasonality (CV)
  Driver: GTiff
  Dimensions (width x height): 4320 x 2160 pixels
  Resolution: 0.083333° lon x 0.083333° lat
  Geographic coverage: left=-180.00°, right=180.00°, bottom=-90.00°, top=90.00°
  Approximate area: 64800.00 square degrees
  Coordinate reference system: EPSG:4326
  Band count: 1
    - Band 1: dtype=float32, nodata=-3.3999999521443642e+38, min=0.00, mean=75.18, max=229.38
      Valid pixels: 3170214 | Nodata pixels: 6160986
      Scaling note: Temperature values fall within expected °C range.
      2–98% percentile clip: 15.01 – 187.77 %
      Values (%): min=0.00 mean=75.18 max=229.38
      Saved preview to /work/pschluet/green_wave/figure/3.01-explore-worldclim/BIO15-preview.png
      Saved histogram to /work/pschluet/green_wave/figure/3.01-explore-worldclim/BIO15-histogram.png

File: wc2.1_5m_bio_16.tif
  Variable: BIO16 — Precipitation of Wettest Quarter
  Driver: GTiff
  Dimensions (width x height): 4320 x 2160 pixels
  Resolution: 0.083333° lon x 0.083333° lat
  Geographic coverage: left=-180.00°, right=180.00°, bottom=-90.00°, top=90.00°
  Approximate area: 64800.00 square degrees
  Coordinate reference system: EPSG:4326
  Band count: 1
    - Band 1: dtype=float32, nodata=-3.3999999521443642e+38, min=0.00, mean=238.83, max=5757.00
      Valid pixels: 3170214 | Nodata pixels: 6160986
      Scaling note: Temperature values fall within expected °C range.
      2–98% percentile clip: 3.00 – 1030.00 mm
      Values (mm): min=0.00 mean=238.83 max=5757.00
      Saved preview to /work/pschluet/green_wave/figure/3.01-explore-worldclim/BIO16-preview.png
      Saved histogram to /work/pschluet/green_wave/figure/3.01-explore-worldclim/BIO16-histogram.png

File: wc2.1_5m_bio_17.tif
  Variable: BIO17 — Precipitation of Driest Quarter
  Driver: GTiff
  Dimensions (width x height): 4320 x 2160 pixels
  Resolution: 0.083333° lon x 0.083333° lat
  Geographic coverage: left=-180.00°, right=180.00°, bottom=-90.00°, top=90.00°
  Approximate area: 64800.00 square degrees
  Coordinate reference system: EPSG:4326
  Band count: 1
    - Band 1: dtype=float32, nodata=-3.3999999521443642e+38, min=0.00, mean=54.03, max=1543.00
      Valid pixels: 3170214 | Nodata pixels: 6160986
      Scaling note: Temperature values fall within expected °C range.
      2–98% percentile clip: 0.00 – 348.00 mm
      Values (mm): min=0.00 mean=54.03 max=1543.00
      Saved preview to /work/pschluet/green_wave/figure/3.01-explore-worldclim/BIO17-preview.png
      Saved histogram to /work/pschluet/green_wave/figure/3.01-explore-worldclim/BIO17-histogram.png

File: wc2.1_5m_bio_18.tif
  Variable: BIO18 — Precipitation of Warmest Quarter
  Driver: GTiff
  Dimensions (width x height): 4320 x 2160 pixels
  Resolution: 0.083333° lon x 0.083333° lat
  Geographic coverage: left=-180.00°, right=180.00°, bottom=-90.00°, top=90.00°
  Approximate area: 64800.00 square degrees
  Coordinate reference system: EPSG:4326
  Band count: 1
    - Band 1: dtype=float32, nodata=-3.3999999521443642e+38, min=0.00, mean=154.67, max=5297.00
      Valid pixels: 3170214 | Nodata pixels: 6160986
      Scaling note: Temperature values fall within expected °C range.
      2–98% percentile clip: 0.00 – 692.00 mm
      Values (mm): min=0.00 mean=154.67 max=5297.00
      Saved preview to /work/pschluet/green_wave/figure/3.01-explore-worldclim/BIO18-preview.png
      Saved histogram to /work/pschluet/green_wave/figure/3.01-explore-worldclim/BIO18-histogram.png

File: wc2.1_5m_bio_19.tif
  Variable: BIO19 — Precipitation of Coldest Quarter
  Driver: GTiff
  Dimensions (width x height): 4320 x 2160 pixels
  Resolution: 0.083333° lon x 0.083333° lat
  Geographic coverage: left=-180.00°, right=180.00°, bottom=-90.00°, top=90.00°
  Approximate area: 64800.00 square degrees
  Coordinate reference system: EPSG:4326
  Band count: 1
    - Band 1: dtype=float32, nodata=-3.3999999521443642e+38, min=0.00, mean=106.72, max=4879.00
      Valid pixels: 3170214 | Nodata pixels: 6160986
      Scaling note: Temperature values fall within expected °C range.
      2–98% percentile clip: 0.00 – 815.00 mm
      Values (mm): min=0.00 mean=106.72 max=4879.00
      Saved preview to /work/pschluet/green_wave/figure/3.01-explore-worldclim/BIO19-preview.png
      Saved histogram to /work/pschluet/green_wave/figure/3.01-explore-worldclim/BIO19-histogram.png

File: wc2.1_5m_bio_2.tif
  Variable: BIO02 — Mean Diurnal Range
  Driver: GTiff
  Dimensions (width x height): 4320 x 2160 pixels
  Resolution: 0.083333° lon x 0.083333° lat
  Geographic coverage: left=-180.00°, right=180.00°, bottom=-90.00°, top=90.00°
  Approximate area: 64800.00 square degrees
  Coordinate reference system: EPSG:4326
  Band count: 1
    - Band 1: dtype=float32, nodata=-3.3999999521443642e+38, min=1.00, mean=10.01, max=21.73
      Valid pixels: 3170214 | Nodata pixels: 6160986
      Scaling note: Temperature values fall within expected °C range.
      2–98% percentile clip: 5.11 – 16.43 °C
      Values (°C): min=1.00 mean=10.01 max=21.73
      Saved preview to /work/pschluet/green_wave/figure/3.01-explore-worldclim/BIO02-preview.png
      Saved histogram to /work/pschluet/green_wave/figure/3.01-explore-worldclim/BIO02-histogram.png

File: wc2.1_5m_bio_3.tif
  Variable: BIO03 — Isothermality (BIO2/BIO7) ×100
  Driver: GTiff
  Dimensions (width x height): 4320 x 2160 pixels
  Resolution: 0.083333° lon x 0.083333° lat
  Geographic coverage: left=-180.00°, right=180.00°, bottom=-90.00°, top=90.00°
  Approximate area: 64800.00 square degrees
  Coordinate reference system: EPSG:4326
  Band count: 1
    - Band 1: dtype=float32, nodata=-3.3999999521443642e+38, min=0.09, mean=0.34, max=1.00
      Valid pixels: 3170214 | Nodata pixels: 6160986
      Scaling note: Temperature values fall within expected °C range. Dividing BIO3 by 100 to return 0–1 ratios.
      2–98% percentile clip: 0.14 – 0.84 %
      Values (%): min=0.09 mean=0.34 max=1.00
      Saved preview to /work/pschluet/green_wave/figure/3.01-explore-worldclim/BIO03-preview.png
      Saved histogram to /work/pschluet/green_wave/figure/3.01-explore-worldclim/BIO03-histogram.png

File: wc2.1_5m_bio_4.tif
  Variable: BIO04 — Temperature Seasonality (σ ×100)
  Driver: GTiff
  Dimensions (width x height): 4320 x 2160 pixels
  Resolution: 0.083333° lon x 0.083333° lat
  Geographic coverage: left=-180.00°, right=180.00°, bottom=-90.00°, top=90.00°
  Approximate area: 64800.00 square degrees
  Coordinate reference system: EPSG:4326
  Band count: 1
    - Band 1: dtype=float32, nodata=-3.3999999521443642e+38, min=0.00, mean=8.86, max=23.73
      Valid pixels: 3170214 | Nodata pixels: 6160986
      Scaling note: Temperature values fall within expected °C range. Dividing BIO4 by 100 to express σ in °C.
      2–98% percentile clip: 0.42 – 18.71 °C
      Values (°C): min=0.00 mean=8.86 max=23.73
      Saved preview to /work/pschluet/green_wave/figure/3.01-explore-worldclim/BIO04-preview.png
      Saved histogram to /work/pschluet/green_wave/figure/3.01-explore-worldclim/BIO04-histogram.png

File: wc2.1_5m_bio_5.tif
  Variable: BIO05 — Max Temperature of Warmest Month
  Driver: GTiff
  Dimensions (width x height): 4320 x 2160 pixels
  Resolution: 0.083333° lon x 0.083333° lat
  Geographic coverage: left=-180.00°, right=180.00°, bottom=-90.00°, top=90.00°
  Approximate area: 64800.00 square degrees
  Coordinate reference system: EPSG:4326
  Band count: 1
    - Band 1: dtype=float32, nodata=-3.3999999521443642e+38, min=-29.70, mean=13.86, max=48.26
      Valid pixels: 3170214 | Nodata pixels: 6160986
      Scaling note: Temperature values fall within expected °C range.
      2–98% percentile clip: -26.20 – 42.21 °C
      Values (°C): min=-29.70 mean=13.86 max=48.26
      Saved preview to /work/pschluet/green_wave/figure/3.01-explore-worldclim/BIO05-preview.png
      Saved histogram to /work/pschluet/green_wave/figure/3.01-explore-worldclim/BIO05-histogram.png

File: wc2.1_5m_bio_6.tif
  Variable: BIO06 — Min Temperature of Coldest Month
  Driver: GTiff
  Dimensions (width x height): 4320 x 2160 pixels
  Resolution: 0.083333° lon x 0.083333° lat
  Geographic coverage: left=-180.00°, right=180.00°, bottom=-90.00°, top=90.00°
  Approximate area: 64800.00 square degrees
  Coordinate reference system: EPSG:4326
  Band count: 1
    - Band 1: dtype=float32, nodata=-3.3999999521443642e+38, min=-72.50, mean=-20.08, max=26.30
      Valid pixels: 3170214 | Nodata pixels: 6160986
      Scaling note: Temperature values fall within expected °C range.
      2–98% percentile clip: -67.25 – 21.16 °C
      Values (°C): min=-72.50 mean=-20.08 max=26.30
      Saved preview to /work/pschluet/green_wave/figure/3.01-explore-worldclim/BIO06-preview.png
      Saved histogram to /work/pschluet/green_wave/figure/3.01-explore-worldclim/BIO06-histogram.png

File: wc2.1_5m_bio_7.tif
  Variable: BIO07 — Temperature Annual Range
  Driver: GTiff
  Dimensions (width x height): 4320 x 2160 pixels
  Resolution: 0.083333° lon x 0.083333° lat
  Geographic coverage: left=-180.00°, right=180.00°, bottom=-90.00°, top=90.00°
  Approximate area: 64800.00 square degrees
  Coordinate reference system: EPSG:4326
  Band count: 1
    - Band 1: dtype=float32, nodata=-3.3999999521443642e+38, min=1.00, mean=33.95, max=72.56
      Valid pixels: 3170214 | Nodata pixels: 6160986
      Scaling note: Temperature values fall within expected °C range.
      2–98% percentile clip: 10.56 – 61.06 °C
      Values (°C): min=1.00 mean=33.95 max=72.56
      Saved preview to /work/pschluet/green_wave/figure/3.01-explore-worldclim/BIO07-preview.png
      Saved histogram to /work/pschluet/green_wave/figure/3.01-explore-worldclim/BIO07-histogram.png

File: wc2.1_5m_bio_8.tif
  Variable: BIO08 — Mean Temperature of Wettest Quarter
  Driver: GTiff
  Dimensions (width x height): 4320 x 2160 pixels
  Resolution: 0.083333° lon x 0.083333° lat
  Geographic coverage: left=-180.00°, right=180.00°, bottom=-90.00°, top=90.00°
  Approximate area: 64800.00 square degrees
  Coordinate reference system: EPSG:4326
  Band count: 1
    - Band 1: dtype=float32, nodata=-3.3999999521443642e+38, min=-66.31, mean=-1.12, max=37.92
      Valid pixels: 3170214 | Nodata pixels: 6160986
      Scaling note: Temperature values fall within expected °C range.
      2–98% percentile clip: -61.72 – 30.92 °C
      Values (°C): min=-66.31 mean=-1.12 max=37.92
      Saved preview to /work/pschluet/green_wave/figure/3.01-explore-worldclim/BIO08-preview.png
      Saved histogram to /work/pschluet/green_wave/figure/3.01-explore-worldclim/BIO08-histogram.png

File: wc2.1_5m_bio_9.tif
  Variable: BIO09 — Mean Temperature of Driest Quarter
  Driver: GTiff
  Dimensions (width x height): 4320 x 2160 pixels
  Resolution: 0.083333° lon x 0.083333° lat
  Geographic coverage: left=-180.00°, right=180.00°, bottom=-90.00°, top=90.00°
  Approximate area: 64800.00 square degrees
  Coordinate reference system: EPSG:4326
  Band count: 1
    - Band 1: dtype=float32, nodata=-3.3999999521443642e+38, min=-54.89, mean=-5.56, max=37.61
      Valid pixels: 3170214 | Nodata pixels: 6160986
      Scaling note: Temperature values fall within expected °C range.
      2–98% percentile clip: -42.87 – 29.88 °C
      Values (°C): min=-54.89 mean=-5.56 max=37.61
      Saved preview to /work/pschluet/green_wave/figure/3.01-explore-worldclim/BIO09-preview.png
      Saved histogram to /work/pschluet/green_wave/figure/3.01-explore-worldclim/BIO09-histogram.png

File                                   Size (px)   Resolution (°)   Bands        Min       Mean        Max
----------------------------------------------------------------------------------------------------------
wc2.1_5m_bio_1                         4320×2160    0.0833×0.0833       1     -54.74      -4.23      31.05
wc2.1_5m_bio_10                        4320×2160    0.0833×0.0833       1     -37.79       7.08      38.41
wc2.1_5m_bio_11                        4320×2160    0.0833×0.0833       1     -66.35     -14.15      29.16
wc2.1_5m_bio_12                        4320×2160    0.0833×0.0833       1       0.00     541.80   11191.00
wc2.1_5m_bio_13                        4320×2160    0.0833×0.0833       1       0.00      92.48    2578.00
wc2.1_5m_bio_14                        4320×2160    0.0833×0.0833       1       0.00      14.95     501.00
wc2.1_5m_bio_15                        4320×2160    0.0833×0.0833       1       0.00      75.18     229.38
wc2.1_5m_bio_16                        4320×2160    0.0833×0.0833       1       0.00     238.83    5757.00
wc2.1_5m_bio_17                        4320×2160    0.0833×0.0833       1       0.00      54.03    1543.00
wc2.1_5m_bio_18                        4320×2160    0.0833×0.0833       1       0.00     154.67    5297.00
wc2.1_5m_bio_19                        4320×2160    0.0833×0.0833       1       0.00     106.72    4879.00
wc2.1_5m_bio_2                         4320×2160    0.0833×0.0833       1       1.00      10.01      21.73
wc2.1_5m_bio_3                         4320×2160    0.0833×0.0833       1       0.09       0.34       1.00
wc2.1_5m_bio_4                         4320×2160    0.0833×0.0833       1       0.00       8.86      23.73
wc2.1_5m_bio_5                         4320×2160    0.0833×0.0833       1     -29.70      13.86      48.26
wc2.1_5m_bio_6                         4320×2160    0.0833×0.0833       1     -72.50     -20.08      26.30
wc2.1_5m_bio_7                         4320×2160    0.0833×0.0833       1       1.00      33.95      72.56
wc2.1_5m_bio_8                         4320×2160    0.0833×0.0833       1     -66.31      -1.12      37.92
wc2.1_5m_bio_9                         4320×2160    0.0833×0.0833       1     -54.89      -5.56      37.61
Inspection complete.
=== RUN FINISH (3.01-explore-worldclim) ===
