=== RUN START (4.02-merge-bioclim-with-ndvi-fit-params) ===
Found 19 bioclim layers to resample.
Loaded NDVI fit cube with shape (878, 1218, 8) (features: ('xmid_spring', 'scale_spring', 'xmid_autumn', 'scale_autumn', 'bias', 'scale', 'r_squared', 'covariance_quality')).
Resampling wc2.1_5m_bio_1.tif (BIO01_annual_mean_temperature) …
  → valid pixels: 616,764; min=-7.167, median=8.029, max=25.443
Resampling wc2.1_5m_bio_2.tif (BIO02_mean_diurnal_range) …
  → valid pixels: 616,764; min=1.453, median=8.679, max=17.030
Resampling wc2.1_5m_bio_3.tif (BIO03_isothermality) …
  → valid pixels: 616,764; min=13.821, median=29.545, max=91.146
Resampling wc2.1_5m_bio_4.tif (BIO04_temperature_seasonality) …
  → valid pixels: 616,764; min=61.258, median=812.386, max=1392.928
Resampling wc2.1_5m_bio_5.tif (BIO05_max_temperature_of_warmest_month) …
  → valid pixels: 616,764; min=1.943, median=23.543, max=45.613
Resampling wc2.1_5m_bio_6.tif (BIO06_min_temperature_of_coldest_month) …
  → valid pixels: 616,764; min=-22.019, median=-5.678, max=12.021
Resampling wc2.1_5m_bio_7.tif (BIO07_temperature_annual_range) …
  → valid pixels: 616,764; min=3.188, median=31.697, max=50.767
Resampling wc2.1_5m_bio_8.tif (BIO08_mean_temperature_of_wettest_quarter) …
  → valid pixels: 616,764; min=-11.731, median=13.026, max=23.715
Resampling wc2.1_5m_bio_9.tif (BIO09_mean_temperature_of_driest_quarter) …
  → valid pixels: 616,764; min=-15.355, median=1.658, max=35.820
Resampling wc2.1_5m_bio_10.tif (BIO10_mean_temperature_of_warmest_quarter) …
  → valid pixels: 616,764; min=0.454, median=17.281, max=35.820
Resampling wc2.1_5m_bio_11.tif (BIO11_mean_temperature_of_coldest_quarter) …
  → valid pixels: 616,764; min=-15.364, median=-1.590, max=16.845
Resampling wc2.1_5m_bio_12.tif (BIO12_annual_precipitation) …
  → valid pixels: 616,764; min=19.000, median=593.600, max=3602.400
Resampling wc2.1_5m_bio_13.tif (BIO13_precipitation_of_wettest_month) …
  → valid pixels: 616,764; min=4.000, median=77.960, max=441.800
Resampling wc2.1_5m_bio_14.tif (BIO14_precipitation_of_driest_month) …
  → valid pixels: 616,764; min=0.000, median=27.600, max=153.800
Resampling wc2.1_5m_bio_15.tif (BIO15_precipitation_seasonality) …
  → valid pixels: 616,764; min=4.663, median=32.894, max=123.651
Resampling wc2.1_5m_bio_16.tif (BIO16_precipitation_of_wettest_quarter) …
  → valid pixels: 616,764; min=9.000, median=212.960, max=1238.800
Resampling wc2.1_5m_bio_17.tif (BIO17_precipitation_of_driest_quarter) …
  → valid pixels: 616,764; min=0.000, median=92.000, max=502.800
Resampling wc2.1_5m_bio_18.tif (BIO18_precipitation_of_warmest_quarter) …
  → valid pixels: 616,764; min=0.000, median=188.200, max=686.000
Resampling wc2.1_5m_bio_19.tif (BIO19_precipitation_of_coldest_quarter) …
  → valid pixels: 616,764; min=7.000, median=118.320, max=1138.800
Resampled 19 bioclim layers to shape (878, 1218).
Saved combined dataset to /work/pschluet/green_wave/data/intermediate/ndvi_bioclim_combined.npz.
=== RUN FINISH (4.02-merge-bioclim-with-ndvi-fit-params) ===
