=== RUN START (4.03-analyse-bioclim-ndvi-correlations) ===
Loaded combined dataset: bioclim stack (19, 878, 1218), ndvi cube (878, 1218, 8).
Saved correlation table to /work/pschluet/green_wave/data/intermediate/bioclim_ndvi_correlations.csv.

Top correlations for bias:
ndvi_feature                          bioclim_variable  correlation  overlap_pixels
        bias    BIO06_min_temperature_of_coldest_month     0.640918          605222
        bias             BIO04_temperature_seasonality    -0.612141          605222
        bias BIO11_mean_temperature_of_coldest_quarter     0.588800          605222
        bias                       BIO03_isothermality     0.583986          605222
        bias            BIO07_temperature_annual_range    -0.519321          605222

Top correlations for covariance_quality:
      ndvi_feature                          bioclim_variable  correlation  overlap_pixels
covariance_quality           BIO15_precipitation_seasonality     0.019562          605222
covariance_quality    BIO18_precipitation_of_warmest_quarter    -0.017918          605222
covariance_quality  BIO09_mean_temperature_of_driest_quarter     0.017892          605222
covariance_quality                       BIO03_isothermality     0.015869          605222
covariance_quality BIO11_mean_temperature_of_coldest_quarter     0.014829          605222

Top correlations for r_squared:
ndvi_feature                          bioclim_variable  correlation  overlap_pixels
   r_squared             BIO01_annual_mean_temperature    -0.726263          605222
   r_squared BIO11_mean_temperature_of_coldest_quarter    -0.695114          605222
   r_squared BIO10_mean_temperature_of_warmest_quarter    -0.678816          605222
   r_squared  BIO09_mean_temperature_of_driest_quarter    -0.672517          605222
   r_squared    BIO05_max_temperature_of_warmest_month    -0.662865          605222

Top correlations for scale:
ndvi_feature                       bioclim_variable  correlation  overlap_pixels
       scale BIO18_precipitation_of_warmest_quarter    -0.036020          605222
       scale BIO05_max_temperature_of_warmest_month     0.033304          605222
       scale          BIO01_annual_mean_temperature     0.031605          605222
       scale BIO06_min_temperature_of_coldest_month     0.031501          605222
       scale                    BIO03_isothermality     0.030770          605222

Top correlations for scale_autumn:
ndvi_feature                          bioclim_variable  correlation  overlap_pixels
scale_autumn BIO08_mean_temperature_of_wettest_quarter    -0.006315          605222
scale_autumn    BIO18_precipitation_of_warmest_quarter    -0.004559          605222
scale_autumn           BIO15_precipitation_seasonality     0.004496          605222
scale_autumn    BIO19_precipitation_of_coldest_quarter     0.004369          605222
scale_autumn  BIO09_mean_temperature_of_driest_quarter     0.004271          605222

Top correlations for scale_spring:
ndvi_feature                          bioclim_variable  correlation  overlap_pixels
scale_spring           BIO15_precipitation_seasonality     0.011095          605222
scale_spring BIO11_mean_temperature_of_coldest_quarter     0.006761          605222
scale_spring             BIO01_annual_mean_temperature     0.006703          605222
scale_spring                       BIO03_isothermality     0.006683          605222
scale_spring    BIO18_precipitation_of_warmest_quarter    -0.006329          605222

Top correlations for xmid_autumn:
ndvi_feature                          bioclim_variable  correlation  overlap_pixels
 xmid_autumn    BIO18_precipitation_of_warmest_quarter     0.654028          605222
 xmid_autumn  BIO09_mean_temperature_of_driest_quarter    -0.615896          605222
 xmid_autumn    BIO05_max_temperature_of_warmest_month    -0.601593          605222
 xmid_autumn             BIO01_annual_mean_temperature    -0.599508          605222
 xmid_autumn BIO10_mean_temperature_of_warmest_quarter    -0.586479          605222

Top correlations for xmid_spring:
ndvi_feature                          bioclim_variable  correlation  overlap_pixels
 xmid_spring           BIO15_precipitation_seasonality     0.414990          605222
 xmid_spring  BIO09_mean_temperature_of_driest_quarter     0.357610          605222
 xmid_spring    BIO18_precipitation_of_warmest_quarter    -0.357075          605222
 xmid_spring                       BIO03_isothermality     0.329915          605222
 xmid_spring BIO11_mean_temperature_of_coldest_quarter     0.328575          605222
Correlation analysis complete.
=== RUN FINISH (4.03-analyse-bioclim-ndvi-correlations) ===
