=== RUN START (4.06-train-harmonic-bioclim-insolation-random-forest) ===
Loaded arrays from /work/pschluet/green_wave/data/intermediate/detrended_ndvi_bioclim_combined.npz: bioclim, bioclim_names, harmonic_adjusted_r_squared, harmonic_aic, harmonic_amplitude_annual, harmonic_amplitude_semiannual, harmonic_layer_names, harmonic_num_observations, harmonic_parameter_names, harmonic_parameters, harmonic_phase_annual_days, harmonic_phase_semiannual_days, harmonic_r_squared, latitudes, longitudes.
Selected 17 bioclim features for modelling.
Prepared 3,864,298 samples with 17 bioclim features and 5 targets.
Augmented predictors with 6 insolation features (insolation_day_015, insolation_day_075, insolation_day_135, insolation_day_195, insolation_day_255, insolation_day_315).
Subsampled to 1,500,000 samples for manageable training.
Tile-aware bootstrap will operate on 11476 spatial tiles (tile size 1.00°) with a sampling fraction of 0.50.
Training tile occupancy: min=1, median=136.0, max=188 cells
Training RandomForestRegressor with 40 trees on 1,196,613 samples (per-tree draw: all samples, max_features='sqrt').
Random forest OOB R² score: 0.951
OOB evaluation:
  - beta0: R²=0.965, MAE=265.263
  - beta1_cos1: R²=0.971, MAE=192.917
  - beta2_sin1: R²=0.954, MAE=127.683
  - beta3_cos2: R²=0.951, MAE=109.698
  - beta4_sin2: R²=0.914, MAE=104.597
  Overall variance-weighted R²: 0.963
  Overall mean absolute error: 160.032
Model evaluation (hold-out set):
  - beta0: R²=0.955, MAE=305.776
  - beta1_cos1: R²=0.964, MAE=221.238
  - beta2_sin1: R²=0.947, MAE=145.411
  - beta3_cos2: R²=0.936, MAE=126.779
  - beta4_sin2: R²=0.886, MAE=121.055
Overall variance-weighted R²: 0.954
Overall mean absolute error: 184.052
Generated per-tree predictions with shape (40, 303387, 5).
Top impurity-based feature importances:
  - BIO11_mean_temperature_of_coldest_quarter: 0.1427
  - BIO01_annual_mean_temperature: 0.1057
  - BIO10_mean_temperature_of_warmest_quarter: 0.0913
  - insolation_day_015: 0.0659
  - insolation_day_315: 0.0616
  - BIO09_mean_temperature_of_driest_quarter: 0.0609
  - BIO05_max_temperature_of_warmest_month: 0.0561
  - BIO12_annual_precipitation: 0.0501
  - BIO06_min_temperature_of_coldest_month: 0.0416
  - insolation_day_255: 0.0380
Computing permutation importances on the hold-out set...
Top permutation-based feature importances:
  - BIO11_mean_temperature_of_coldest_quarter: mean=0.0836, std=0.0002
  - BIO01_annual_mean_temperature: mean=0.0788, std=0.0001
  - BIO10_mean_temperature_of_warmest_quarter: mean=0.0707, std=0.0001
  - insolation_day_315: mean=0.0431, std=0.0001
  - BIO12_annual_precipitation: mean=0.0418, std=0.0001
  - BIO05_max_temperature_of_warmest_month: mean=0.0362, std=0.0001
  - insolation_day_015: mean=0.0349, std=0.0001
  - BIO08_mean_temperature_of_wettest_quarter: mean=0.0303, std=0.0001
  - BIO09_mean_temperature_of_driest_quarter: mean=0.0271, std=0.0001
  - BIO04_temperature_seasonality: mean=0.0263, std=0.0001
Saved model to /work/pschluet/green_wave/data/intermediate/detrended_harmonic_bioclim_insolation_random_forest.joblib and metrics to /work/pschluet/green_wave/data/intermediate/detrended_harmonic_bioclim_insolation_random_forest_metrics.json.
Training routine complete.
=== RUN FINISH (4.06-train-harmonic-bioclim-insolation-random-forest) ===
